src/components/booking/BookingForm.tsx(26,33): error TS2345: Argument of type '{ startDate: string; endDate: string; vehicleId: string; }' is not assignable to parameter of type 'CreateBookingPayload'.
  Property 'carId' is missing in type '{ startDate: string; endDate: string; vehicleId: string; }' but required in type 'CreateBookingPayload'.
src/components/ui/toast.tsx(8,20): error TS2307: Cannot find module '@/utils' or its corresponding type declarations.
